[0m19:54:27.756381 [debug] [MainThread]: Sending event: {'category': 'dbt', 'action': 'invocation', 'label': 'start', 'context': [<snowplow_tracker.self_describing_json.SelfDescribingJson object at 0x74ab0bc06120>, <snowplow_tracker.self_describing_json.SelfDescribingJson object at 0x74ab0a7b3ed0>, <snowplow_tracker.self_describing_json.SelfDescribingJson object at 0x74ab0a7b3890>]}


============================== 19:54:27.760290 | 45ecd123-dd4d-47f9-9427-90cb0673a07d ==============================
[0m19:54:27.760290 [info ] [MainThread]: Running with dbt=1.12.0
[0m19:54:27.761023 [debug] [MainThread]: running dbt with arguments {'debug': 'False', 'maximum_seed_size_mib': '1', 'profiles_dir': '/home/training/.dbt', 'cache_selected_only': 'False', 'partial_parse': 'True', 'quiet': 'False', 'no_print': 'None', 'log_format': 'default', 'warn_error_options': 'WarnErrorOptionsV2(error=[], warn=[], silence=[])', 'invocation_command': 'dbt init --skip-profile-setup airbnb', 'target_path': 'None', 'static_parser': 'True', 'write_json': 'True', 'send_anonymous_usage_stats': 'True', 'empty': 'None', 'use_experimental_parser': 'False', 'log_path': 'logs', 'fail_fast': 'False', 'use_colors': 'True', 'warn_error': 'None', 'hints_enabled': 'True', 'printer_width': '80', 'indirect_selection': 'eager', 'introspect': 'True', 'version_check': 'True', 'log_cache_events': 'False'}
[0m19:54:27.830933 [info ] [MainThread]: Creating dbt configuration folder at /home/training/.dbt
[0m19:54:27.832776 [debug] [MainThread]: Starter project path: /home/training/Desktop/TechCatalyst_DE_2026_Maryam/.venv/lib/python3.13/site-packages/dbt/include/starter_project
[0m19:54:27.835047 [info ] [MainThread]: Your new dbt project "airbnb" was created!
Initialized new project in /home/training/Desktop/TechCatalyst_DE_2026_Maryam/student-work/week5/Labs/Day 4/airbnb/airbnb

For more information on how to configure the profiles.yml file,
please consult the dbt documentation here:

  https://docs.getdbt.com/docs/configure-your-profile

One more thing:

Need help? Don't hesitate to reach out to us via GitHub issues or on Slack:

  https://community.getdbt.com/

Happy modeling!

[0m19:54:27.839824 [debug] [MainThread]: Resource report: {"command_name": "init", "command_success": true, "command_wall_clock_time": 0.17217606, "process_in_blocks": "200", "process_kernel_time": 0.120881, "process_mem_max_rss": "115228", "process_out_blocks": "760", "process_user_time": 1.714315}
[0m19:54:27.840603 [debug] [MainThread]: Command `dbt init` succeeded at 19:54:27.840409 after 0.17 seconds
[0m19:54:27.841128 [debug] [MainThread]: Sending event: {'category': 'dbt', 'action': 'invocation', 'label': 'end', 'context': [<snowplow_tracker.self_describing_json.SelfDescribingJson object at 0x74ab0a6ec3e0>, <snowplow_tracker.self_describing_json.SelfDescribingJson object at 0x74ab0a840170>, <snowplow_tracker.self_describing_json.SelfDescribingJson object at 0x74ab0a7e7460>]}
[0m19:54:27.841625 [debug] [MainThread]: Flushing usage events
[0m19:54:27.924649 [debug] [MainThread]: An error was encountered while trying to flush usage events
